// Jest Snapshot v1, https://goo.gl/fbAQLP

exports[`should render Not found page correctly 1`] = `
<div>
  404! You are fishing in sand 
  <Link
    replace={false}
    to="/"
  >
    Go home
  </Link>
</div>
`;
